[debug] [2025-03-03T20:08:30.945Z] ----------------------------------------------------------------------
[debug] [2025-03-03T20:08:30.946Z] Command:       /Users/biniyamgebre-egziabhersjomar/.volta/tools/image/node/22.13.1/bin/node /Users/biniyamgebre-egziabhersjomar/.volta/tools/image/packages/firebase-tools/bin/firebase deploy --only functions
[debug] [2025-03-03T20:08:30.946Z] CLI Version:   13.32.0
[debug] [2025-03-03T20:08:30.947Z] Platform:      darwin
[debug] [2025-03-03T20:08:30.947Z] Node Version:  v22.13.1
[debug] [2025-03-03T20:08:30.947Z] Time:          Mon Mar 03 2025 21:08:30 GMT+0100 (Central European Standard Time)
[debug] [2025-03-03T20:08:30.947Z] ----------------------------------------------------------------------
[debug] 
[debug] [2025-03-03T20:08:31.032Z] > command requires scopes: ["email","openid","https://www.googleapis.com/auth/cloudplatformprojects.readonly","https://www.googleapis.com/auth/firebase","https://www.googleapis.com/auth/cloud-platform"]
[debug] [2025-03-03T20:08:31.032Z] > authorizing via signed-in user (biniyam.gabriel@gmail.com)
[debug] [2025-03-03T20:08:31.032Z] [iam] checking project personne-bygxs-portfolio for permissions ["cloudfunctions.functions.create","cloudfunctions.functions.delete","cloudfunctions.functions.get","cloudfunctions.functions.list","cloudfunctions.functions.update","cloudfunctions.operations.get","firebase.projects.get"]
[debug] [2025-03-03T20:08:31.033Z] Checked if tokens are valid: true, expires at: 1741035043444
[debug] [2025-03-03T20:08:31.033Z] Checked if tokens are valid: true, expires at: 1741035043444
[debug] [2025-03-03T20:08:31.033Z] >>> [apiv2][query] POST https://cloudresourcemanager.googleapis.com/v1/projects/personne-bygxs-portfolio:testIamPermissions [none]
[debug] [2025-03-03T20:08:31.033Z] >>> [apiv2][(partial)header] POST https://cloudresourcemanager.googleapis.com/v1/projects/personne-bygxs-portfolio:testIamPermissions x-goog-quota-user=projects/personne-bygxs-portfolio
[debug] [2025-03-03T20:08:31.033Z] >>> [apiv2][body] POST https://cloudresourcemanager.googleapis.com/v1/projects/personne-bygxs-portfolio:testIamPermissions {"permissions":["cloudfunctions.functions.create","cloudfunctions.functions.delete","cloudfunctions.functions.get","cloudfunctions.functions.list","cloudfunctions.functions.update","cloudfunctions.operations.get","firebase.projects.get"]}
[debug] [2025-03-03T20:08:32.038Z] <<< [apiv2][status] POST https://cloudresourcemanager.googleapis.com/v1/projects/personne-bygxs-portfolio:testIamPermissions 200
[debug] [2025-03-03T20:08:32.038Z] <<< [apiv2][body] POST https://cloudresourcemanager.googleapis.com/v1/projects/personne-bygxs-portfolio:testIamPermissions {"permissions":["cloudfunctions.functions.create","cloudfunctions.functions.delete","cloudfunctions.functions.get","cloudfunctions.functions.list","cloudfunctions.functions.update","cloudfunctions.operations.get","firebase.projects.get"]}
[debug] [2025-03-03T20:08:32.038Z] Checked if tokens are valid: true, expires at: 1741035043444
[debug] [2025-03-03T20:08:32.038Z] Checked if tokens are valid: true, expires at: 1741035043444
[debug] [2025-03-03T20:08:32.039Z] >>> [apiv2][query] POST https://iam.googleapis.com/v1/projects/personne-bygxs-portfolio/serviceAccounts/personne-bygxs-portfolio@appspot.gserviceaccount.com:testIamPermissions [none]
[debug] [2025-03-03T20:08:32.039Z] >>> [apiv2][body] POST https://iam.googleapis.com/v1/projects/personne-bygxs-portfolio/serviceAccounts/personne-bygxs-portfolio@appspot.gserviceaccount.com:testIamPermissions {"permissions":["iam.serviceAccounts.actAs"]}
[debug] [2025-03-03T20:08:33.153Z] <<< [apiv2][status] POST https://iam.googleapis.com/v1/projects/personne-bygxs-portfolio/serviceAccounts/personne-bygxs-portfolio@appspot.gserviceaccount.com:testIamPermissions 200
[debug] [2025-03-03T20:08:33.153Z] <<< [apiv2][body] POST https://iam.googleapis.com/v1/projects/personne-bygxs-portfolio/serviceAccounts/personne-bygxs-portfolio@appspot.gserviceaccount.com:testIamPermissions {"permissions":["iam.serviceAccounts.actAs"]}
[info] 
[info] === Deploying to 'personne-bygxs-portfolio'...
[info] 
[info] i  deploying functions 
[info] Running command: npm --prefix "$RESOURCE_DIR" run build
[info] ✔  functions: Finished running predeploy script. 
[debug] [2025-03-03T20:08:36.265Z] Checked if tokens are valid: true, expires at: 1741035043444
[debug] [2025-03-03T20:08:36.265Z] Checked if tokens are valid: true, expires at: 1741035043444
[debug] [2025-03-03T20:08:36.265Z] >>> [apiv2][query] GET https://cloudresourcemanager.googleapis.com/v1/projects/personne-bygxs-portfolio [none]
[debug] [2025-03-03T20:08:36.546Z] <<< [apiv2][status] GET https://cloudresourcemanager.googleapis.com/v1/projects/personne-bygxs-portfolio 200
[debug] [2025-03-03T20:08:36.546Z] <<< [apiv2][body] GET https://cloudresourcemanager.googleapis.com/v1/projects/personne-bygxs-portfolio {"projectNumber":"175190600277","projectId":"personne-bygxs-portfolio","lifecycleState":"ACTIVE","name":"personne-bygxs-portfolio","labels":{"firebase":"enabled","firebase-core":"disabled","generative-language":"enabled"},"createTime":"2025-02-08T16:06:35.606237Z"}
[info] i  functions: preparing codebase default for deployment 
[info] i  functions: ensuring required API cloudfunctions.googleapis.com is enabled... 
[debug] [2025-03-03T20:08:36.548Z] Checked if tokens are valid: true, expires at: 1741035043444
[debug] [2025-03-03T20:08:36.548Z] Checked if tokens are valid: true, expires at: 1741035043444
[debug] [2025-03-03T20:08:36.548Z] Checked if tokens are valid: true, expires at: 1741035043444
[debug] [2025-03-03T20:08:36.549Z] Checked if tokens are valid: true, expires at: 1741035043444
[info] i  functions: ensuring required API cloudbuild.googleapis.com is enabled... 
[debug] [2025-03-03T20:08:36.549Z] Checked if tokens are valid: true, expires at: 1741035043444
[debug] [2025-03-03T20:08:36.549Z] Checked if tokens are valid: true, expires at: 1741035043444
[info] i  artifactregistry: ensuring required API artifactregistry.googleapis.com is enabled... 
[debug] [2025-03-03T20:08:36.549Z] Checked if tokens are valid: true, expires at: 1741035043444
[debug] [2025-03-03T20:08:36.549Z] Checked if tokens are valid: true, expires at: 1741035043444
[debug] [2025-03-03T20:08:36.550Z] >>> [apiv2][query] GET https://serviceusage.googleapis.com/v1/projects/personne-bygxs-portfolio/services/cloudfunctions.googleapis.com [none]
[debug] [2025-03-03T20:08:36.550Z] >>> [apiv2][(partial)header] GET https://serviceusage.googleapis.com/v1/projects/personne-bygxs-portfolio/services/cloudfunctions.googleapis.com x-goog-quota-user=projects/personne-bygxs-portfolio
[debug] [2025-03-03T20:08:36.552Z] >>> [apiv2][query] GET https://serviceusage.googleapis.com/v1/projects/personne-bygxs-portfolio/services/runtimeconfig.googleapis.com [none]
[debug] [2025-03-03T20:08:36.552Z] >>> [apiv2][(partial)header] GET https://serviceusage.googleapis.com/v1/projects/personne-bygxs-portfolio/services/runtimeconfig.googleapis.com x-goog-quota-user=projects/personne-bygxs-portfolio
[debug] [2025-03-03T20:08:36.554Z] >>> [apiv2][query] GET https://serviceusage.googleapis.com/v1/projects/personne-bygxs-portfolio/services/cloudbuild.googleapis.com [none]
[debug] [2025-03-03T20:08:36.554Z] >>> [apiv2][(partial)header] GET https://serviceusage.googleapis.com/v1/projects/personne-bygxs-portfolio/services/cloudbuild.googleapis.com x-goog-quota-user=projects/personne-bygxs-portfolio
[debug] [2025-03-03T20:08:36.555Z] >>> [apiv2][query] GET https://serviceusage.googleapis.com/v1/projects/personne-bygxs-portfolio/services/artifactregistry.googleapis.com [none]
[debug] [2025-03-03T20:08:36.556Z] >>> [apiv2][(partial)header] GET https://serviceusage.googleapis.com/v1/projects/personne-bygxs-portfolio/services/artifactregistry.googleapis.com x-goog-quota-user=projects/personne-bygxs-portfolio
[debug] [2025-03-03T20:08:37.626Z] <<< [apiv2][status] GET https://serviceusage.googleapis.com/v1/projects/personne-bygxs-portfolio/services/runtimeconfig.googleapis.com 200
[debug] [2025-03-03T20:08:37.626Z] <<< [apiv2][body] GET https://serviceusage.googleapis.com/v1/projects/personne-bygxs-portfolio/services/runtimeconfig.googleapis.com [omitted]
[debug] [2025-03-03T20:08:37.628Z] <<< [apiv2][status] GET https://serviceusage.googleapis.com/v1/projects/personne-bygxs-portfolio/services/artifactregistry.googleapis.com 200
[debug] [2025-03-03T20:08:37.628Z] <<< [apiv2][body] GET https://serviceusage.googleapis.com/v1/projects/personne-bygxs-portfolio/services/artifactregistry.googleapis.com [omitted]
[info] ✔  artifactregistry: required API artifactregistry.googleapis.com is enabled 
[debug] [2025-03-03T20:08:37.640Z] <<< [apiv2][status] GET https://serviceusage.googleapis.com/v1/projects/personne-bygxs-portfolio/services/cloudfunctions.googleapis.com 200
[debug] [2025-03-03T20:08:37.640Z] <<< [apiv2][body] GET https://serviceusage.googleapis.com/v1/projects/personne-bygxs-portfolio/services/cloudfunctions.googleapis.com [omitted]
[info] ✔  functions: required API cloudfunctions.googleapis.com is enabled 
[debug] [2025-03-03T20:08:37.673Z] <<< [apiv2][status] GET https://serviceusage.googleapis.com/v1/projects/personne-bygxs-portfolio/services/cloudbuild.googleapis.com 200
[debug] [2025-03-03T20:08:37.673Z] <<< [apiv2][body] GET https://serviceusage.googleapis.com/v1/projects/personne-bygxs-portfolio/services/cloudbuild.googleapis.com [omitted]
[info] ✔  functions: required API cloudbuild.googleapis.com is enabled 
[debug] [2025-03-03T20:08:37.674Z] Checked if tokens are valid: true, expires at: 1741035043444
[debug] [2025-03-03T20:08:37.674Z] Checked if tokens are valid: true, expires at: 1741035043444
[debug] [2025-03-03T20:08:37.674Z] >>> [apiv2][query] GET https://firebase.googleapis.com/v1beta1/projects/personne-bygxs-portfolio/adminSdkConfig [none]
[debug] [2025-03-03T20:08:38.167Z] <<< [apiv2][status] GET https://firebase.googleapis.com/v1beta1/projects/personne-bygxs-portfolio/adminSdkConfig 200
[debug] [2025-03-03T20:08:38.167Z] <<< [apiv2][body] GET https://firebase.googleapis.com/v1beta1/projects/personne-bygxs-portfolio/adminSdkConfig {"projectId":"personne-bygxs-portfolio","storageBucket":"personne-bygxs-portfolio.firebasestorage.app"}
[debug] [2025-03-03T20:08:38.168Z] Checked if tokens are valid: true, expires at: 1741035043444
[debug] [2025-03-03T20:08:38.168Z] Checked if tokens are valid: true, expires at: 1741035043444
[debug] [2025-03-03T20:08:38.168Z] >>> [apiv2][query] GET https://runtimeconfig.googleapis.com/v1beta1/projects/personne-bygxs-portfolio/configs [none]
[debug] [2025-03-03T20:08:39.276Z] <<< [apiv2][status] GET https://runtimeconfig.googleapis.com/v1beta1/projects/personne-bygxs-portfolio/configs 200
[debug] [2025-03-03T20:08:39.277Z] <<< [apiv2][body] GET https://runtimeconfig.googleapis.com/v1beta1/projects/personne-bygxs-portfolio/configs {}
[debug] [2025-03-03T20:08:39.278Z] Validating nodejs source
[warn] ⚠  functions: Runtime Node.js 18 will be deprecated on 2025-04-30 and will be decommissioned on 2025-10-31, after which you will not be able to deploy without upgrading. Consider upgrading now to avoid disruption. See https://cloud.google.com/functions/docs/runtime-support for full details on the lifecycle policy 
[warn] ⚠  functions: package.json indicates an outdated version of firebase-functions. Please upgrade using npm install --save firebase-functions@latest in your functions directory. 
[warn] ⚠  functions: Please note that there will be breaking changes when you upgrade. 
[debug] [2025-03-03T20:08:39.965Z] > [functions] package.json contents: {
  "name": "functions",
  "scripts": {
    "build": "tsc",
    "build:watch": "tsc --watch",
    "serve": "npm run build && firebase emulators:start --only functions",
    "shell": "npm run build && firebase functions:shell",
    "start": "npm run shell",
    "deploy": "firebase deploy --only functions",
    "logs": "firebase functions:log"
  },
  "engines": {
    "node": "18"
  },
  "main": "lib/index.js",
  "dependencies": {
    "firebase-admin": "^11.8.0",
    "firebase-functions": "^4.3.1"
  },
  "devDependencies": {
    "typescript": "^4.9.0",
    "firebase-functions-test": "^3.1.0"
  },
  "private": true
}
[debug] [2025-03-03T20:08:39.965Z] Building nodejs source
[info] i  functions: Loading and analyzing source code for codebase default to determine what to deploy 
[info] i  functions: You are using a version of firebase-functions SDK (4.9.0) that does not have support for the newest Firebase Extensions features. Please update firebase-functions SDK to >=5.1.0 to use them correctly 
[debug] [2025-03-03T20:08:39.966Z] Could not find functions.yaml. Must use http discovery
[debug] [2025-03-03T20:08:39.974Z] Found firebase-functions binary at '/Users/biniyamgebre-egziabhersjomar/25CODE/mar25/serverless-fn-firebase-protected-routes-iv/functions/node_modules/.bin/firebase-functions'
[info] Serving at port 8835

[debug] [2025-03-03T20:08:40.206Z] Got response from /__/functions.yaml {"endpoints":{"checkAuth":{"platform":"gcfv1","availableMemoryMb":null,"timeoutSeconds":null,"minInstances":null,"maxInstances":null,"ingressSettings":null,"serviceAccountEmail":null,"vpc":null,"httpsTrigger":{},"entryPoint":"checkAuth"}},"specVersion":"v1alpha1","requiredAPIs":[]}
[info] i  functions: preparing functions directory for uploading... 
[info] i  functions: packaged /Users/biniyamgebre-egziabhersjomar/25CODE/mar25/serverless-fn-firebase-protected-routes-iv/functions (69.64 KB) for uploading 
[debug] [2025-03-03T20:08:44.266Z] Checked if tokens are valid: true, expires at: 1741035043444
[debug] [2025-03-03T20:08:44.266Z] Checked if tokens are valid: true, expires at: 1741035043444
[debug] [2025-03-03T20:08:44.267Z] >>> [apiv2][query] GET https://cloudfunctions.googleapis.com/v1/projects/personne-bygxs-portfolio/locations/-/functions [none]
[debug] [2025-03-03T20:08:45.234Z] <<< [apiv2][status] GET https://cloudfunctions.googleapis.com/v1/projects/personne-bygxs-portfolio/locations/-/functions 200
[debug] [2025-03-03T20:08:45.234Z] <<< [apiv2][body] GET https://cloudfunctions.googleapis.com/v1/projects/personne-bygxs-portfolio/locations/-/functions {}
[debug] [2025-03-03T20:08:45.235Z] Checked if tokens are valid: true, expires at: 1741035043444
[debug] [2025-03-03T20:08:45.236Z] Checked if tokens are valid: true, expires at: 1741035043444
[debug] [2025-03-03T20:08:45.236Z] >>> [apiv2][query] GET https://cloudfunctions.googleapis.com/v2/projects/personne-bygxs-portfolio/locations/-/functions filter=environment%3D%22GEN_2%22
[debug] [2025-03-03T20:08:46.157Z] <<< [apiv2][status] GET https://cloudfunctions.googleapis.com/v2/projects/personne-bygxs-portfolio/locations/-/functions 200
[debug] [2025-03-03T20:08:46.158Z] <<< [apiv2][body] GET https://cloudfunctions.googleapis.com/v2/projects/personne-bygxs-portfolio/locations/-/functions {}
[debug] [2025-03-03T20:08:46.165Z] Checked if tokens are valid: true, expires at: 1741035043444
[debug] [2025-03-03T20:08:46.165Z] Checked if tokens are valid: true, expires at: 1741035043444
[debug] [2025-03-03T20:08:46.165Z] >>> [apiv2][query] GET https://cloudresourcemanager.googleapis.com/v1/projects/personne-bygxs-portfolio [none]
[debug] [2025-03-03T20:08:47.258Z] <<< [apiv2][status] GET https://cloudresourcemanager.googleapis.com/v1/projects/personne-bygxs-portfolio 200
[debug] [2025-03-03T20:08:47.258Z] <<< [apiv2][body] GET https://cloudresourcemanager.googleapis.com/v1/projects/personne-bygxs-portfolio {"projectNumber":"175190600277","projectId":"personne-bygxs-portfolio","lifecycleState":"ACTIVE","name":"personne-bygxs-portfolio","labels":{"firebase":"enabled","firebase-core":"disabled","generative-language":"enabled"},"createTime":"2025-02-08T16:06:35.606237Z"}
[debug] [2025-03-03T20:08:47.261Z] [functions] found 1 new HTTP functions, testing setIamPolicy permission...
[debug] [2025-03-03T20:08:47.261Z] Checked if tokens are valid: true, expires at: 1741035043444
[debug] [2025-03-03T20:08:47.261Z] Checked if tokens are valid: true, expires at: 1741035043444
[debug] [2025-03-03T20:08:47.261Z] >>> [apiv2][query] POST https://cloudresourcemanager.googleapis.com/v1/projects/personne-bygxs-portfolio:testIamPermissions [none]
[debug] [2025-03-03T20:08:47.261Z] >>> [apiv2][(partial)header] POST https://cloudresourcemanager.googleapis.com/v1/projects/personne-bygxs-portfolio:testIamPermissions x-goog-quota-user=projects/personne-bygxs-portfolio
[debug] [2025-03-03T20:08:47.261Z] >>> [apiv2][body] POST https://cloudresourcemanager.googleapis.com/v1/projects/personne-bygxs-portfolio:testIamPermissions {"permissions":["cloudfunctions.functions.setIamPolicy"]}
[debug] [2025-03-03T20:08:47.459Z] <<< [apiv2][status] POST https://cloudresourcemanager.googleapis.com/v1/projects/personne-bygxs-portfolio:testIamPermissions 200
[debug] [2025-03-03T20:08:47.459Z] <<< [apiv2][body] POST https://cloudresourcemanager.googleapis.com/v1/projects/personne-bygxs-portfolio:testIamPermissions {"permissions":["cloudfunctions.functions.setIamPolicy"]}
[debug] [2025-03-03T20:08:47.460Z] [functions] found setIamPolicy permission, proceeding with deploy
[debug] [2025-03-03T20:08:47.461Z] Checked if tokens are valid: true, expires at: 1741035043444
[debug] [2025-03-03T20:08:47.461Z] Checked if tokens are valid: true, expires at: 1741035043444
[debug] [2025-03-03T20:08:47.461Z] >>> [apiv2][query] POST https://cloudfunctions.googleapis.com/v1/projects/personne-bygxs-portfolio/locations/us-central1/functions:generateUploadUrl [none]
[debug] [2025-03-03T20:08:47.461Z] >>> [apiv2][body] POST https://cloudfunctions.googleapis.com/v1/projects/personne-bygxs-portfolio/locations/us-central1/functions:generateUploadUrl {}
[debug] [2025-03-03T20:08:48.310Z] <<< [apiv2][status] POST https://cloudfunctions.googleapis.com/v1/projects/personne-bygxs-portfolio/locations/us-central1/functions:generateUploadUrl 200
[debug] [2025-03-03T20:08:48.311Z] <<< [apiv2][body] POST https://cloudfunctions.googleapis.com/v1/projects/personne-bygxs-portfolio/locations/us-central1/functions:generateUploadUrl {"uploadUrl":"https://storage.googleapis.com/uploads-447216523240.us-central1.cloudfunctions.appspot.com/4b3f0494-a648-420e-818a-e46762a3650f.zip?GoogleAccessId=service-175190600277@gcf-admin-robot.iam.gserviceaccount.com&Expires=1741034328&Signature=lbefhJ0ANzHbgnEyLuKpM7lGF3jE0h2Zga0valNBbiE4s19Hi%2FUKPSb0SfcMdis26L9yV1n6WFjGOZ8hjyIWkrOaRRT%2FBCymWc3JBOvpr%2BAiB0QgE0%2BmbEA63JS3B6iobJQ%2FM1zeVlDoulxZI2H8I5n2ZbEPz8KNpyDDwnWjWUpCx323bFNYP3Bf9M6bvHv1voUjdwm2ezelnLKuWuG0iIWS0cHuVA%2B16nL9mOKGVu9TAbvLPK2yF%2BAPsfZqklBOAhcpD2bphknjmgDYKDqrLebszfAdJqpVJfD8LL%2F2edOkiyGnFLZ8GdTxpzhASg29R08pH2aFS87lBYM2zKQTVQ%3D%3D"}
[debug] [2025-03-03T20:08:48.313Z] >>> [apiv2][query] PUT https://storage.googleapis.com/uploads-447216523240.us-central1.cloudfunctions.appspot.com/4b3f0494-a648-420e-818a-e46762a3650f.zip GoogleAccessId=service-175190600277%40gcf-admin-robot.iam.gserviceaccount.com&Expires=1741034328&Signature=lbefhJ0ANzHbgnEyLuKpM7lGF3jE0h2Zga0valNBbiE4s19Hi%2FUKPSb0SfcMdis26L9yV1n6WFjGOZ8hjyIWkrOaRRT%2FBCymWc3JBOvpr%2BAiB0QgE0%2BmbEA63JS3B6iobJQ%2FM1zeVlDoulxZI2H8I5n2ZbEPz8KNpyDDwnWjWUpCx323bFNYP3Bf9M6bvHv1voUjdwm2ezelnLKuWuG0iIWS0cHuVA%2B16nL9mOKGVu9TAbvLPK2yF%2BAPsfZqklBOAhcpD2bphknjmgDYKDqrLebszfAdJqpVJfD8LL%2F2edOkiyGnFLZ8GdTxpzhASg29R08pH2aFS87lBYM2zKQTVQ%3D%3D
[debug] [2025-03-03T20:08:48.313Z] >>> [apiv2][body] PUT https://storage.googleapis.com/uploads-447216523240.us-central1.cloudfunctions.appspot.com/4b3f0494-a648-420e-818a-e46762a3650f.zip [stream]
[debug] [2025-03-03T20:08:49.412Z] <<< [apiv2][status] PUT https://storage.googleapis.com/uploads-447216523240.us-central1.cloudfunctions.appspot.com/4b3f0494-a648-420e-818a-e46762a3650f.zip 200
[debug] [2025-03-03T20:08:49.413Z] <<< [apiv2][body] PUT https://storage.googleapis.com/uploads-447216523240.us-central1.cloudfunctions.appspot.com/4b3f0494-a648-420e-818a-e46762a3650f.zip [omitted]
[info] ✔  functions: functions folder uploaded successfully 
[info] i  functions: creating Node.js 18 (1st Gen) function checkAuth(us-central1)... 
[debug] [2025-03-03T20:08:49.418Z] Checked if tokens are valid: true, expires at: 1741035043444
[debug] [2025-03-03T20:08:49.418Z] Checked if tokens are valid: true, expires at: 1741035043444
[debug] [2025-03-03T20:08:49.418Z] >>> [apiv2][query] POST https://cloudfunctions.googleapis.com/v1/projects/personne-bygxs-portfolio/locations/us-central1/functions [none]
[debug] [2025-03-03T20:08:49.418Z] >>> [apiv2][body] POST https://cloudfunctions.googleapis.com/v1/projects/personne-bygxs-portfolio/locations/us-central1/functions {"name":"projects/personne-bygxs-portfolio/locations/us-central1/functions/checkAuth","sourceUploadUrl":"https://storage.googleapis.com/uploads-447216523240.us-central1.cloudfunctions.appspot.com/4b3f0494-a648-420e-818a-e46762a3650f.zip?GoogleAccessId=service-175190600277@gcf-admin-robot.iam.gserviceaccount.com&Expires=1741034328&Signature=lbefhJ0ANzHbgnEyLuKpM7lGF3jE0h2Zga0valNBbiE4s19Hi%2FUKPSb0SfcMdis26L9yV1n6WFjGOZ8hjyIWkrOaRRT%2FBCymWc3JBOvpr%2BAiB0QgE0%2BmbEA63JS3B6iobJQ%2FM1zeVlDoulxZI2H8I5n2ZbEPz8KNpyDDwnWjWUpCx323bFNYP3Bf9M6bvHv1voUjdwm2ezelnLKuWuG0iIWS0cHuVA%2B16nL9mOKGVu9TAbvLPK2yF%2BAPsfZqklBOAhcpD2bphknjmgDYKDqrLebszfAdJqpVJfD8LL%2F2edOkiyGnFLZ8GdTxpzhASg29R08pH2aFS87lBYM2zKQTVQ%3D%3D","entryPoint":"checkAuth","runtime":"nodejs18","dockerRegistry":"ARTIFACT_REGISTRY","labels":{"deployment-tool":"cli-firebase","firebase-functions-hash":"6cb0ff4c311afd24447f585ecd7f00dbfb14f369"},"httpsTrigger":{"securityLevel":"SECURE_ALWAYS"},"minInstances":null,"maxInstances":null,"ingressSettings":null,"environmentVariables":{"FIREBASE_CONFIG":"{\"projectId\":\"personne-bygxs-portfolio\",\"storageBucket\":\"personne-bygxs-portfolio.firebasestorage.app\"}","GCLOUD_PROJECT":"personne-bygxs-portfolio","EVENTARC_CLOUD_EVENT_SOURCE":"projects/personne-bygxs-portfolio/locations/us-central1/functions/checkAuth"},"serviceAccountEmail":null,"availableMemoryMb":null,"timeout":null,"vpcConnector":null,"vpcConnectorEgressSettings":null,"buildEnvironmentVariables":{"GOOGLE_NODE_RUN_SCRIPTS":""}}
[debug] [2025-03-03T20:08:50.155Z] <<< [apiv2][status] POST https://cloudfunctions.googleapis.com/v1/projects/personne-bygxs-portfolio/locations/us-central1/functions 200
[debug] [2025-03-03T20:08:50.155Z] <<< [apiv2][body] POST https://cloudfunctions.googleapis.com/v1/projects/personne-bygxs-portfolio/locations/us-central1/functions {"name":"operations/cHJvamVjdHMvcGVyc29ubmUtYnlneHMtcG9ydGZvbGlvL2xvY2F0aW9ucy91cy1jZW50cmFsMS9vcGVyYXRpb25zL29wZXJhdGlvbi0xNzQxMDMyNTI5NzM5LTYyZjc1Yjk3YTNmNmMtNjIzNDY4ZTgtNjY2MTJhN2Q","metadata":{"@type":"type.googleapis.com/google.cloud.functions.v1.OperationMetadataV1","target":"projects/personne-bygxs-portfolio/locations/us-central1/functions/checkAuth","updateTime":"2025-03-03T20:08:50.121548148Z"}}
[debug] [2025-03-03T20:08:50.157Z] Checked if tokens are valid: true, expires at: 1741035043444
[debug] [2025-03-03T20:08:50.157Z] Checked if tokens are valid: true, expires at: 1741035043444
[debug] [2025-03-03T20:08:50.157Z] >>> [apiv2][query] GET https://cloudfunctions.googleapis.com/v1/operations/cHJvamVjdHMvcGVyc29ubmUtYnlneHMtcG9ydGZvbGlvL2xvY2F0aW9ucy91cy1jZW50cmFsMS9vcGVyYXRpb25zL29wZXJhdGlvbi0xNzQxMDMyNTI5NzM5LTYyZjc1Yjk3YTNmNmMtNjIzNDY4ZTgtNjY2MTJhN2Q [none]
[debug] [2025-03-03T20:08:50.564Z] <<< [apiv2][status] GET https://cloudfunctions.googleapis.com/v1/operations/cHJvamVjdHMvcGVyc29ubmUtYnlneHMtcG9ydGZvbGlvL2xvY2F0aW9ucy91cy1jZW50cmFsMS9vcGVyYXRpb25zL29wZXJhdGlvbi0xNzQxMDMyNTI5NzM5LTYyZjc1Yjk3YTNmNmMtNjIzNDY4ZTgtNjY2MTJhN2Q 200
[debug] [2025-03-03T20:08:50.564Z] <<< [apiv2][body] GET https://cloudfunctions.googleapis.com/v1/operations/cHJvamVjdHMvcGVyc29ubmUtYnlneHMtcG9ydGZvbGlvL2xvY2F0aW9ucy91cy1jZW50cmFsMS9vcGVyYXRpb25zL29wZXJhdGlvbi0xNzQxMDMyNTI5NzM5LTYyZjc1Yjk3YTNmNmMtNjIzNDY4ZTgtNjY2MTJhN2Q {"name":"operations/cHJvamVjdHMvcGVyc29ubmUtYnlneHMtcG9ydGZvbGlvL2xvY2F0aW9ucy91cy1jZW50cmFsMS9vcGVyYXRpb25zL29wZXJhdGlvbi0xNzQxMDMyNTI5NzM5LTYyZjc1Yjk3YTNmNmMtNjIzNDY4ZTgtNjY2MTJhN2Q","metadata":{"@type":"type.googleapis.com/google.cloud.functions.v1.OperationMetadataV1","target":"projects/personne-bygxs-portfolio/locations/us-central1/functions/checkAuth","updateTime":"2025-03-03T20:08:50.121548148Z"}}
[debug] [2025-03-03T20:08:51.066Z] [create-default-us-central1-checkAuth] Retrying task index 0
[debug] [2025-03-03T20:08:51.066Z] Checked if tokens are valid: true, expires at: 1741035043444
[debug] [2025-03-03T20:08:51.067Z] Checked if tokens are valid: true, expires at: 1741035043444
[debug] [2025-03-03T20:08:51.067Z] >>> [apiv2][query] GET https://cloudfunctions.googleapis.com/v1/operations/cHJvamVjdHMvcGVyc29ubmUtYnlneHMtcG9ydGZvbGlvL2xvY2F0aW9ucy91cy1jZW50cmFsMS9vcGVyYXRpb25zL29wZXJhdGlvbi0xNzQxMDMyNTI5NzM5LTYyZjc1Yjk3YTNmNmMtNjIzNDY4ZTgtNjY2MTJhN2Q [none]
[debug] [2025-03-03T20:08:51.623Z] <<< [apiv2][status] GET https://cloudfunctions.googleapis.com/v1/operations/cHJvamVjdHMvcGVyc29ubmUtYnlneHMtcG9ydGZvbGlvL2xvY2F0aW9ucy91cy1jZW50cmFsMS9vcGVyYXRpb25zL29wZXJhdGlvbi0xNzQxMDMyNTI5NzM5LTYyZjc1Yjk3YTNmNmMtNjIzNDY4ZTgtNjY2MTJhN2Q 200
[debug] [2025-03-03T20:08:51.624Z] <<< [apiv2][body] GET https://cloudfunctions.googleapis.com/v1/operations/cHJvamVjdHMvcGVyc29ubmUtYnlneHMtcG9ydGZvbGlvL2xvY2F0aW9ucy91cy1jZW50cmFsMS9vcGVyYXRpb25zL29wZXJhdGlvbi0xNzQxMDMyNTI5NzM5LTYyZjc1Yjk3YTNmNmMtNjIzNDY4ZTgtNjY2MTJhN2Q {"name":"operations/cHJvamVjdHMvcGVyc29ubmUtYnlneHMtcG9ydGZvbGlvL2xvY2F0aW9ucy91cy1jZW50cmFsMS9vcGVyYXRpb25zL29wZXJhdGlvbi0xNzQxMDMyNTI5NzM5LTYyZjc1Yjk3YTNmNmMtNjIzNDY4ZTgtNjY2MTJhN2Q","metadata":{"@type":"type.googleapis.com/google.cloud.functions.v1.OperationMetadataV1","target":"projects/personne-bygxs-portfolio/locations/us-central1/functions/checkAuth","type":"CREATE_FUNCTION","request":{"@type":"type.googleapis.com/google.cloud.functions.v1.CloudFunction","name":"projects/personne-bygxs-portfolio/locations/us-central1/functions/checkAuth","httpsTrigger":{"securityLevel":"SECURE_ALWAYS"},"entryPoint":"checkAuth","updateTime":"1970-01-01T00:00:00Z","labels":{"deployment-tool":"cli-firebase","firebase-functions-hash":"6cb0ff4c311afd24447f585ecd7f00dbfb14f369"},"sourceUploadUrl":"https://storage.googleapis.com/uploads-447216523240.us-central1.cloudfunctions.appspot.com/4b3f0494-a648-420e-818a-e46762a3650f.zip?GoogleAccessId=service-175190600277@gcf-admin-robot.iam.gserviceaccount.com&Expires=1741034328&Signature=lbefhJ0ANzHbgnEyLuKpM7lGF3jE0h2Zga0valNBbiE4s19Hi%2FUKPSb0SfcMdis26L9yV1n6WFjGOZ8hjyIWkrOaRRT%2FBCymWc3JBOvpr%2BAiB0QgE0%2BmbEA63JS3B6iobJQ%2FM1zeVlDoulxZI2H8I5n2ZbEPz8KNpyDDwnWjWUpCx323bFNYP3Bf9M6bvHv1voUjdwm2ezelnLKuWuG0iIWS0cHuVA%2B16nL9mOKGVu9TAbvLPK2yF%2BAPsfZqklBOAhcpD2bphknjmgDYKDqrLebszfAdJqpVJfD8LL%2F2edOkiyGnFLZ8GdTxpzhASg29R08pH2aFS87lBYM2zKQTVQ%3D%3D","environmentVariables":{"FIREBASE_CONFIG":"{\"projectId\":\"personne-bygxs-portfolio\",\"storageBucket\":\"personne-bygxs-portfolio.firebasestorage.app\"}","GCLOUD_PROJECT":"personne-bygxs-portfolio","EVENTARC_CLOUD_EVENT_SOURCE":"projects/personne-bygxs-portfolio/locations/us-central1/functions/checkAuth"},"runtime":"nodejs18","buildEnvironmentVariables":{"GOOGLE_NODE_RUN_SCRIPTS":""},"dockerRegistry":"ARTIFACT_REGISTRY"},"versionId":"1","updateTime":"2025-03-03T20:08:50.121548148Z"}}
[debug] [2025-03-03T20:08:52.626Z] [create-default-us-central1-checkAuth] Retrying task index 0
[debug] [2025-03-03T20:08:52.627Z] Checked if tokens are valid: true, expires at: 1741035043444
[debug] [2025-03-03T20:08:52.627Z] Checked if tokens are valid: true, expires at: 1741035043444
[debug] [2025-03-03T20:08:52.627Z] >>> [apiv2][query] GET https://cloudfunctions.googleapis.com/v1/operations/cHJvamVjdHMvcGVyc29ubmUtYnlneHMtcG9ydGZvbGlvL2xvY2F0aW9ucy91cy1jZW50cmFsMS9vcGVyYXRpb25zL29wZXJhdGlvbi0xNzQxMDMyNTI5NzM5LTYyZjc1Yjk3YTNmNmMtNjIzNDY4ZTgtNjY2MTJhN2Q [none]
[debug] [2025-03-03T20:08:52.887Z] <<< [apiv2][status] GET https://cloudfunctions.googleapis.com/v1/operations/cHJvamVjdHMvcGVyc29ubmUtYnlneHMtcG9ydGZvbGlvL2xvY2F0aW9ucy91cy1jZW50cmFsMS9vcGVyYXRpb25zL29wZXJhdGlvbi0xNzQxMDMyNTI5NzM5LTYyZjc1Yjk3YTNmNmMtNjIzNDY4ZTgtNjY2MTJhN2Q 200
[debug] [2025-03-03T20:08:52.887Z] <<< [apiv2][body] GET https://cloudfunctions.googleapis.com/v1/operations/cHJvamVjdHMvcGVyc29ubmUtYnlneHMtcG9ydGZvbGlvL2xvY2F0aW9ucy91cy1jZW50cmFsMS9vcGVyYXRpb25zL29wZXJhdGlvbi0xNzQxMDMyNTI5NzM5LTYyZjc1Yjk3YTNmNmMtNjIzNDY4ZTgtNjY2MTJhN2Q {"name":"operations/cHJvamVjdHMvcGVyc29ubmUtYnlneHMtcG9ydGZvbGlvL2xvY2F0aW9ucy91cy1jZW50cmFsMS9vcGVyYXRpb25zL29wZXJhdGlvbi0xNzQxMDMyNTI5NzM5LTYyZjc1Yjk3YTNmNmMtNjIzNDY4ZTgtNjY2MTJhN2Q","metadata":{"@type":"type.googleapis.com/google.cloud.functions.v1.OperationMetadataV1","target":"projects/personne-bygxs-portfolio/locations/us-central1/functions/checkAuth","type":"CREATE_FUNCTION","request":{"@type":"type.googleapis.com/google.cloud.functions.v1.CloudFunction","name":"projects/personne-bygxs-portfolio/locations/us-central1/functions/checkAuth","httpsTrigger":{"securityLevel":"SECURE_ALWAYS"},"entryPoint":"checkAuth","updateTime":"1970-01-01T00:00:00Z","labels":{"deployment-tool":"cli-firebase","firebase-functions-hash":"6cb0ff4c311afd24447f585ecd7f00dbfb14f369"},"sourceUploadUrl":"https://storage.googleapis.com/uploads-447216523240.us-central1.cloudfunctions.appspot.com/4b3f0494-a648-420e-818a-e46762a3650f.zip?GoogleAccessId=service-175190600277@gcf-admin-robot.iam.gserviceaccount.com&Expires=1741034328&Signature=lbefhJ0ANzHbgnEyLuKpM7lGF3jE0h2Zga0valNBbiE4s19Hi%2FUKPSb0SfcMdis26L9yV1n6WFjGOZ8hjyIWkrOaRRT%2FBCymWc3JBOvpr%2BAiB0QgE0%2BmbEA63JS3B6iobJQ%2FM1zeVlDoulxZI2H8I5n2ZbEPz8KNpyDDwnWjWUpCx323bFNYP3Bf9M6bvHv1voUjdwm2ezelnLKuWuG0iIWS0cHuVA%2B16nL9mOKGVu9TAbvLPK2yF%2BAPsfZqklBOAhcpD2bphknjmgDYKDqrLebszfAdJqpVJfD8LL%2F2edOkiyGnFLZ8GdTxpzhASg29R08pH2aFS87lBYM2zKQTVQ%3D%3D","environmentVariables":{"FIREBASE_CONFIG":"{\"projectId\":\"personne-bygxs-portfolio\",\"storageBucket\":\"personne-bygxs-portfolio.firebasestorage.app\"}","GCLOUD_PROJECT":"personne-bygxs-portfolio","EVENTARC_CLOUD_EVENT_SOURCE":"projects/personne-bygxs-portfolio/locations/us-central1/functions/checkAuth"},"runtime":"nodejs18","buildEnvironmentVariables":{"GOOGLE_NODE_RUN_SCRIPTS":""},"dockerRegistry":"ARTIFACT_REGISTRY"},"versionId":"1","updateTime":"2025-03-03T20:08:50.121548148Z"}}
[debug] [2025-03-03T20:08:54.889Z] [create-default-us-central1-checkAuth] Retrying task index 0
[debug] [2025-03-03T20:08:54.890Z] Checked if tokens are valid: true, expires at: 1741035043444
[debug] [2025-03-03T20:08:54.890Z] Checked if tokens are valid: true, expires at: 1741035043444
[debug] [2025-03-03T20:08:54.890Z] >>> [apiv2][query] GET https://cloudfunctions.googleapis.com/v1/operations/cHJvamVjdHMvcGVyc29ubmUtYnlneHMtcG9ydGZvbGlvL2xvY2F0aW9ucy91cy1jZW50cmFsMS9vcGVyYXRpb25zL29wZXJhdGlvbi0xNzQxMDMyNTI5NzM5LTYyZjc1Yjk3YTNmNmMtNjIzNDY4ZTgtNjY2MTJhN2Q [none]
[debug] [2025-03-03T20:08:55.682Z] <<< [apiv2][status] GET https://cloudfunctions.googleapis.com/v1/operations/cHJvamVjdHMvcGVyc29ubmUtYnlneHMtcG9ydGZvbGlvL2xvY2F0aW9ucy91cy1jZW50cmFsMS9vcGVyYXRpb25zL29wZXJhdGlvbi0xNzQxMDMyNTI5NzM5LTYyZjc1Yjk3YTNmNmMtNjIzNDY4ZTgtNjY2MTJhN2Q 200
[debug] [2025-03-03T20:08:55.683Z] <<< [apiv2][body] GET https://cloudfunctions.googleapis.com/v1/operations/cHJvamVjdHMvcGVyc29ubmUtYnlneHMtcG9ydGZvbGlvL2xvY2F0aW9ucy91cy1jZW50cmFsMS9vcGVyYXRpb25zL29wZXJhdGlvbi0xNzQxMDMyNTI5NzM5LTYyZjc1Yjk3YTNmNmMtNjIzNDY4ZTgtNjY2MTJhN2Q {"name":"operations/cHJvamVjdHMvcGVyc29ubmUtYnlneHMtcG9ydGZvbGlvL2xvY2F0aW9ucy91cy1jZW50cmFsMS9vcGVyYXRpb25zL29wZXJhdGlvbi0xNzQxMDMyNTI5NzM5LTYyZjc1Yjk3YTNmNmMtNjIzNDY4ZTgtNjY2MTJhN2Q","metadata":{"@type":"type.googleapis.com/google.cloud.functions.v1.OperationMetadataV1","target":"projects/personne-bygxs-portfolio/locations/us-central1/functions/checkAuth","type":"CREATE_FUNCTION","request":{"@type":"type.googleapis.com/google.cloud.functions.v1.CloudFunction","name":"projects/personne-bygxs-portfolio/locations/us-central1/functions/checkAuth","httpsTrigger":{"securityLevel":"SECURE_ALWAYS"},"entryPoint":"checkAuth","updateTime":"1970-01-01T00:00:00Z","labels":{"deployment-tool":"cli-firebase","firebase-functions-hash":"6cb0ff4c311afd24447f585ecd7f00dbfb14f369"},"sourceUploadUrl":"https://storage.googleapis.com/uploads-447216523240.us-central1.cloudfunctions.appspot.com/4b3f0494-a648-420e-818a-e46762a3650f.zip?GoogleAccessId=service-175190600277@gcf-admin-robot.iam.gserviceaccount.com&Expires=1741034328&Signature=lbefhJ0ANzHbgnEyLuKpM7lGF3jE0h2Zga0valNBbiE4s19Hi%2FUKPSb0SfcMdis26L9yV1n6WFjGOZ8hjyIWkrOaRRT%2FBCymWc3JBOvpr%2BAiB0QgE0%2BmbEA63JS3B6iobJQ%2FM1zeVlDoulxZI2H8I5n2ZbEPz8KNpyDDwnWjWUpCx323bFNYP3Bf9M6bvHv1voUjdwm2ezelnLKuWuG0iIWS0cHuVA%2B16nL9mOKGVu9TAbvLPK2yF%2BAPsfZqklBOAhcpD2bphknjmgDYKDqrLebszfAdJqpVJfD8LL%2F2edOkiyGnFLZ8GdTxpzhASg29R08pH2aFS87lBYM2zKQTVQ%3D%3D","environmentVariables":{"FIREBASE_CONFIG":"{\"projectId\":\"personne-bygxs-portfolio\",\"storageBucket\":\"personne-bygxs-portfolio.firebasestorage.app\"}","GCLOUD_PROJECT":"personne-bygxs-portfolio","EVENTARC_CLOUD_EVENT_SOURCE":"projects/personne-bygxs-portfolio/locations/us-central1/functions/checkAuth"},"runtime":"nodejs18","buildEnvironmentVariables":{"GOOGLE_NODE_RUN_SCRIPTS":""},"dockerRegistry":"ARTIFACT_REGISTRY"},"versionId":"1","updateTime":"2025-03-03T20:08:50.121548148Z","buildId":"f219e40c-1da2-4ef4-97d0-5f8e3cd0812b","buildName":"projects/175190600277/locations/us-central1/builds/f219e40c-1da2-4ef4-97d0-5f8e3cd0812b"}}
[debug] [2025-03-03T20:08:59.685Z] [create-default-us-central1-checkAuth] Retrying task index 0
[debug] [2025-03-03T20:08:59.685Z] Checked if tokens are valid: true, expires at: 1741035043444
[debug] [2025-03-03T20:08:59.686Z] Checked if tokens are valid: true, expires at: 1741035043444
[debug] [2025-03-03T20:08:59.686Z] >>> [apiv2][query] GET https://cloudfunctions.googleapis.com/v1/operations/cHJvamVjdHMvcGVyc29ubmUtYnlneHMtcG9ydGZvbGlvL2xvY2F0aW9ucy91cy1jZW50cmFsMS9vcGVyYXRpb25zL29wZXJhdGlvbi0xNzQxMDMyNTI5NzM5LTYyZjc1Yjk3YTNmNmMtNjIzNDY4ZTgtNjY2MTJhN2Q [none]
[debug] [2025-03-03T20:09:00.286Z] <<< [apiv2][status] GET https://cloudfunctions.googleapis.com/v1/operations/cHJvamVjdHMvcGVyc29ubmUtYnlneHMtcG9ydGZvbGlvL2xvY2F0aW9ucy91cy1jZW50cmFsMS9vcGVyYXRpb25zL29wZXJhdGlvbi0xNzQxMDMyNTI5NzM5LTYyZjc1Yjk3YTNmNmMtNjIzNDY4ZTgtNjY2MTJhN2Q 200
[debug] [2025-03-03T20:09:00.286Z] <<< [apiv2][body] GET https://cloudfunctions.googleapis.com/v1/operations/cHJvamVjdHMvcGVyc29ubmUtYnlneHMtcG9ydGZvbGlvL2xvY2F0aW9ucy91cy1jZW50cmFsMS9vcGVyYXRpb25zL29wZXJhdGlvbi0xNzQxMDMyNTI5NzM5LTYyZjc1Yjk3YTNmNmMtNjIzNDY4ZTgtNjY2MTJhN2Q {"name":"operations/cHJvamVjdHMvcGVyc29ubmUtYnlneHMtcG9ydGZvbGlvL2xvY2F0aW9ucy91cy1jZW50cmFsMS9vcGVyYXRpb25zL29wZXJhdGlvbi0xNzQxMDMyNTI5NzM5LTYyZjc1Yjk3YTNmNmMtNjIzNDY4ZTgtNjY2MTJhN2Q","metadata":{"@type":"type.googleapis.com/google.cloud.functions.v1.OperationMetadataV1","target":"projects/personne-bygxs-portfolio/locations/us-central1/functions/checkAuth","type":"CREATE_FUNCTION","request":{"@type":"type.googleapis.com/google.cloud.functions.v1.CloudFunction","name":"projects/personne-bygxs-portfolio/locations/us-central1/functions/checkAuth","httpsTrigger":{"securityLevel":"SECURE_ALWAYS"},"entryPoint":"checkAuth","updateTime":"1970-01-01T00:00:00Z","labels":{"deployment-tool":"cli-firebase","firebase-functions-hash":"6cb0ff4c311afd24447f585ecd7f00dbfb14f369"},"sourceUploadUrl":"https://storage.googleapis.com/uploads-447216523240.us-central1.cloudfunctions.appspot.com/4b3f0494-a648-420e-818a-e46762a3650f.zip?GoogleAccessId=service-175190600277@gcf-admin-robot.iam.gserviceaccount.com&Expires=1741034328&Signature=lbefhJ0ANzHbgnEyLuKpM7lGF3jE0h2Zga0valNBbiE4s19Hi%2FUKPSb0SfcMdis26L9yV1n6WFjGOZ8hjyIWkrOaRRT%2FBCymWc3JBOvpr%2BAiB0QgE0%2BmbEA63JS3B6iobJQ%2FM1zeVlDoulxZI2H8I5n2ZbEPz8KNpyDDwnWjWUpCx323bFNYP3Bf9M6bvHv1voUjdwm2ezelnLKuWuG0iIWS0cHuVA%2B16nL9mOKGVu9TAbvLPK2yF%2BAPsfZqklBOAhcpD2bphknjmgDYKDqrLebszfAdJqpVJfD8LL%2F2edOkiyGnFLZ8GdTxpzhASg29R08pH2aFS87lBYM2zKQTVQ%3D%3D","environmentVariables":{"FIREBASE_CONFIG":"{\"projectId\":\"personne-bygxs-portfolio\",\"storageBucket\":\"personne-bygxs-portfolio.firebasestorage.app\"}","GCLOUD_PROJECT":"personne-bygxs-portfolio","EVENTARC_CLOUD_EVENT_SOURCE":"projects/personne-bygxs-portfolio/locations/us-central1/functions/checkAuth"},"runtime":"nodejs18","buildEnvironmentVariables":{"GOOGLE_NODE_RUN_SCRIPTS":""},"dockerRegistry":"ARTIFACT_REGISTRY"},"versionId":"1","updateTime":"2025-03-03T20:08:50.121548148Z","buildId":"f219e40c-1da2-4ef4-97d0-5f8e3cd0812b","buildName":"projects/175190600277/locations/us-central1/builds/f219e40c-1da2-4ef4-97d0-5f8e3cd0812b"}}
[debug] [2025-03-03T20:09:08.287Z] [create-default-us-central1-checkAuth] Retrying task index 0
[debug] [2025-03-03T20:09:08.288Z] Checked if tokens are valid: true, expires at: 1741035043444
[debug] [2025-03-03T20:09:08.288Z] Checked if tokens are valid: true, expires at: 1741035043444
[debug] [2025-03-03T20:09:08.288Z] >>> [apiv2][query] GET https://cloudfunctions.googleapis.com/v1/operations/cHJvamVjdHMvcGVyc29ubmUtYnlneHMtcG9ydGZvbGlvL2xvY2F0aW9ucy91cy1jZW50cmFsMS9vcGVyYXRpb25zL29wZXJhdGlvbi0xNzQxMDMyNTI5NzM5LTYyZjc1Yjk3YTNmNmMtNjIzNDY4ZTgtNjY2MTJhN2Q [none]
[debug] [2025-03-03T20:09:08.891Z] <<< [apiv2][status] GET https://cloudfunctions.googleapis.com/v1/operations/cHJvamVjdHMvcGVyc29ubmUtYnlneHMtcG9ydGZvbGlvL2xvY2F0aW9ucy91cy1jZW50cmFsMS9vcGVyYXRpb25zL29wZXJhdGlvbi0xNzQxMDMyNTI5NzM5LTYyZjc1Yjk3YTNmNmMtNjIzNDY4ZTgtNjY2MTJhN2Q 200
[debug] [2025-03-03T20:09:08.892Z] <<< [apiv2][body] GET https://cloudfunctions.googleapis.com/v1/operations/cHJvamVjdHMvcGVyc29ubmUtYnlneHMtcG9ydGZvbGlvL2xvY2F0aW9ucy91cy1jZW50cmFsMS9vcGVyYXRpb25zL29wZXJhdGlvbi0xNzQxMDMyNTI5NzM5LTYyZjc1Yjk3YTNmNmMtNjIzNDY4ZTgtNjY2MTJhN2Q {"name":"operations/cHJvamVjdHMvcGVyc29ubmUtYnlneHMtcG9ydGZvbGlvL2xvY2F0aW9ucy91cy1jZW50cmFsMS9vcGVyYXRpb25zL29wZXJhdGlvbi0xNzQxMDMyNTI5NzM5LTYyZjc1Yjk3YTNmNmMtNjIzNDY4ZTgtNjY2MTJhN2Q","metadata":{"@type":"type.googleapis.com/google.cloud.functions.v1.OperationMetadataV1","target":"projects/personne-bygxs-portfolio/locations/us-central1/functions/checkAuth","type":"CREATE_FUNCTION","request":{"@type":"type.googleapis.com/google.cloud.functions.v1.CloudFunction","name":"projects/personne-bygxs-portfolio/locations/us-central1/functions/checkAuth","httpsTrigger":{"securityLevel":"SECURE_ALWAYS"},"entryPoint":"checkAuth","updateTime":"1970-01-01T00:00:00Z","labels":{"deployment-tool":"cli-firebase","firebase-functions-hash":"6cb0ff4c311afd24447f585ecd7f00dbfb14f369"},"sourceUploadUrl":"https://storage.googleapis.com/uploads-447216523240.us-central1.cloudfunctions.appspot.com/4b3f0494-a648-420e-818a-e46762a3650f.zip?GoogleAccessId=service-175190600277@gcf-admin-robot.iam.gserviceaccount.com&Expires=1741034328&Signature=lbefhJ0ANzHbgnEyLuKpM7lGF3jE0h2Zga0valNBbiE4s19Hi%2FUKPSb0SfcMdis26L9yV1n6WFjGOZ8hjyIWkrOaRRT%2FBCymWc3JBOvpr%2BAiB0QgE0%2BmbEA63JS3B6iobJQ%2FM1zeVlDoulxZI2H8I5n2ZbEPz8KNpyDDwnWjWUpCx323bFNYP3Bf9M6bvHv1voUjdwm2ezelnLKuWuG0iIWS0cHuVA%2B16nL9mOKGVu9TAbvLPK2yF%2BAPsfZqklBOAhcpD2bphknjmgDYKDqrLebszfAdJqpVJfD8LL%2F2edOkiyGnFLZ8GdTxpzhASg29R08pH2aFS87lBYM2zKQTVQ%3D%3D","environmentVariables":{"FIREBASE_CONFIG":"{\"projectId\":\"personne-bygxs-portfolio\",\"storageBucket\":\"personne-bygxs-portfolio.firebasestorage.app\"}","GCLOUD_PROJECT":"personne-bygxs-portfolio","EVENTARC_CLOUD_EVENT_SOURCE":"projects/personne-bygxs-portfolio/locations/us-central1/functions/checkAuth"},"runtime":"nodejs18","buildEnvironmentVariables":{"GOOGLE_NODE_RUN_SCRIPTS":""},"dockerRegistry":"ARTIFACT_REGISTRY"},"versionId":"1","updateTime":"2025-03-03T20:08:50.121548148Z","buildId":"f219e40c-1da2-4ef4-97d0-5f8e3cd0812b","buildName":"projects/175190600277/locations/us-central1/builds/f219e40c-1da2-4ef4-97d0-5f8e3cd0812b"}}
[debug] [2025-03-03T20:09:18.894Z] [create-default-us-central1-checkAuth] Retrying task index 0
[debug] [2025-03-03T20:09:18.895Z] Checked if tokens are valid: true, expires at: 1741035043444
[debug] [2025-03-03T20:09:18.895Z] Checked if tokens are valid: true, expires at: 1741035043444
[debug] [2025-03-03T20:09:18.895Z] >>> [apiv2][query] GET https://cloudfunctions.googleapis.com/v1/operations/cHJvamVjdHMvcGVyc29ubmUtYnlneHMtcG9ydGZvbGlvL2xvY2F0aW9ucy91cy1jZW50cmFsMS9vcGVyYXRpb25zL29wZXJhdGlvbi0xNzQxMDMyNTI5NzM5LTYyZjc1Yjk3YTNmNmMtNjIzNDY4ZTgtNjY2MTJhN2Q [none]
[debug] [2025-03-03T20:09:20.869Z] <<< [apiv2][status] GET https://cloudfunctions.googleapis.com/v1/operations/cHJvamVjdHMvcGVyc29ubmUtYnlneHMtcG9ydGZvbGlvL2xvY2F0aW9ucy91cy1jZW50cmFsMS9vcGVyYXRpb25zL29wZXJhdGlvbi0xNzQxMDMyNTI5NzM5LTYyZjc1Yjk3YTNmNmMtNjIzNDY4ZTgtNjY2MTJhN2Q 200
[debug] [2025-03-03T20:09:20.869Z] <<< [apiv2][body] GET https://cloudfunctions.googleapis.com/v1/operations/cHJvamVjdHMvcGVyc29ubmUtYnlneHMtcG9ydGZvbGlvL2xvY2F0aW9ucy91cy1jZW50cmFsMS9vcGVyYXRpb25zL29wZXJhdGlvbi0xNzQxMDMyNTI5NzM5LTYyZjc1Yjk3YTNmNmMtNjIzNDY4ZTgtNjY2MTJhN2Q {"name":"operations/cHJvamVjdHMvcGVyc29ubmUtYnlneHMtcG9ydGZvbGlvL2xvY2F0aW9ucy91cy1jZW50cmFsMS9vcGVyYXRpb25zL29wZXJhdGlvbi0xNzQxMDMyNTI5NzM5LTYyZjc1Yjk3YTNmNmMtNjIzNDY4ZTgtNjY2MTJhN2Q","metadata":{"@type":"type.googleapis.com/google.cloud.functions.v1.OperationMetadataV1","target":"projects/personne-bygxs-portfolio/locations/us-central1/functions/checkAuth","type":"CREATE_FUNCTION","request":{"@type":"type.googleapis.com/google.cloud.functions.v1.CloudFunction","name":"projects/personne-bygxs-portfolio/locations/us-central1/functions/checkAuth","httpsTrigger":{"securityLevel":"SECURE_ALWAYS"},"entryPoint":"checkAuth","updateTime":"1970-01-01T00:00:00Z","labels":{"deployment-tool":"cli-firebase","firebase-functions-hash":"6cb0ff4c311afd24447f585ecd7f00dbfb14f369"},"sourceUploadUrl":"https://storage.googleapis.com/uploads-447216523240.us-central1.cloudfunctions.appspot.com/4b3f0494-a648-420e-818a-e46762a3650f.zip?GoogleAccessId=service-175190600277@gcf-admin-robot.iam.gserviceaccount.com&Expires=1741034328&Signature=lbefhJ0ANzHbgnEyLuKpM7lGF3jE0h2Zga0valNBbiE4s19Hi%2FUKPSb0SfcMdis26L9yV1n6WFjGOZ8hjyIWkrOaRRT%2FBCymWc3JBOvpr%2BAiB0QgE0%2BmbEA63JS3B6iobJQ%2FM1zeVlDoulxZI2H8I5n2ZbEPz8KNpyDDwnWjWUpCx323bFNYP3Bf9M6bvHv1voUjdwm2ezelnLKuWuG0iIWS0cHuVA%2B16nL9mOKGVu9TAbvLPK2yF%2BAPsfZqklBOAhcpD2bphknjmgDYKDqrLebszfAdJqpVJfD8LL%2F2edOkiyGnFLZ8GdTxpzhASg29R08pH2aFS87lBYM2zKQTVQ%3D%3D","environmentVariables":{"FIREBASE_CONFIG":"{\"projectId\":\"personne-bygxs-portfolio\",\"storageBucket\":\"personne-bygxs-portfolio.firebasestorage.app\"}","GCLOUD_PROJECT":"personne-bygxs-portfolio","EVENTARC_CLOUD_EVENT_SOURCE":"projects/personne-bygxs-portfolio/locations/us-central1/functions/checkAuth"},"runtime":"nodejs18","buildEnvironmentVariables":{"GOOGLE_NODE_RUN_SCRIPTS":""},"dockerRegistry":"ARTIFACT_REGISTRY"},"versionId":"1","updateTime":"2025-03-03T20:08:50.121548148Z","buildId":"f219e40c-1da2-4ef4-97d0-5f8e3cd0812b","buildName":"projects/175190600277/locations/us-central1/builds/f219e40c-1da2-4ef4-97d0-5f8e3cd0812b"}}
[debug] [2025-03-03T20:09:30.870Z] [create-default-us-central1-checkAuth] Retrying task index 0
[debug] [2025-03-03T20:09:30.870Z] Checked if tokens are valid: true, expires at: 1741035043444
[debug] [2025-03-03T20:09:30.871Z] Checked if tokens are valid: true, expires at: 1741035043444
[debug] [2025-03-03T20:09:30.871Z] >>> [apiv2][query] GET https://cloudfunctions.googleapis.com/v1/operations/cHJvamVjdHMvcGVyc29ubmUtYnlneHMtcG9ydGZvbGlvL2xvY2F0aW9ucy91cy1jZW50cmFsMS9vcGVyYXRpb25zL29wZXJhdGlvbi0xNzQxMDMyNTI5NzM5LTYyZjc1Yjk3YTNmNmMtNjIzNDY4ZTgtNjY2MTJhN2Q [none]
[debug] [2025-03-03T20:09:31.415Z] <<< [apiv2][status] GET https://cloudfunctions.googleapis.com/v1/operations/cHJvamVjdHMvcGVyc29ubmUtYnlneHMtcG9ydGZvbGlvL2xvY2F0aW9ucy91cy1jZW50cmFsMS9vcGVyYXRpb25zL29wZXJhdGlvbi0xNzQxMDMyNTI5NzM5LTYyZjc1Yjk3YTNmNmMtNjIzNDY4ZTgtNjY2MTJhN2Q 200
[debug] [2025-03-03T20:09:31.416Z] <<< [apiv2][body] GET https://cloudfunctions.googleapis.com/v1/operations/cHJvamVjdHMvcGVyc29ubmUtYnlneHMtcG9ydGZvbGlvL2xvY2F0aW9ucy91cy1jZW50cmFsMS9vcGVyYXRpb25zL29wZXJhdGlvbi0xNzQxMDMyNTI5NzM5LTYyZjc1Yjk3YTNmNmMtNjIzNDY4ZTgtNjY2MTJhN2Q {"name":"operations/cHJvamVjdHMvcGVyc29ubmUtYnlneHMtcG9ydGZvbGlvL2xvY2F0aW9ucy91cy1jZW50cmFsMS9vcGVyYXRpb25zL29wZXJhdGlvbi0xNzQxMDMyNTI5NzM5LTYyZjc1Yjk3YTNmNmMtNjIzNDY4ZTgtNjY2MTJhN2Q","metadata":{"@type":"type.googleapis.com/google.cloud.functions.v1.OperationMetadataV1","target":"projects/personne-bygxs-portfolio/locations/us-central1/functions/checkAuth","type":"CREATE_FUNCTION","request":{"@type":"type.googleapis.com/google.cloud.functions.v1.CloudFunction","name":"projects/personne-bygxs-portfolio/locations/us-central1/functions/checkAuth","httpsTrigger":{"securityLevel":"SECURE_ALWAYS"},"entryPoint":"checkAuth","updateTime":"1970-01-01T00:00:00Z","labels":{"deployment-tool":"cli-firebase","firebase-functions-hash":"6cb0ff4c311afd24447f585ecd7f00dbfb14f369"},"sourceUploadUrl":"https://storage.googleapis.com/uploads-447216523240.us-central1.cloudfunctions.appspot.com/4b3f0494-a648-420e-818a-e46762a3650f.zip?GoogleAccessId=service-175190600277@gcf-admin-robot.iam.gserviceaccount.com&Expires=1741034328&Signature=lbefhJ0ANzHbgnEyLuKpM7lGF3jE0h2Zga0valNBbiE4s19Hi%2FUKPSb0SfcMdis26L9yV1n6WFjGOZ8hjyIWkrOaRRT%2FBCymWc3JBOvpr%2BAiB0QgE0%2BmbEA63JS3B6iobJQ%2FM1zeVlDoulxZI2H8I5n2ZbEPz8KNpyDDwnWjWUpCx323bFNYP3Bf9M6bvHv1voUjdwm2ezelnLKuWuG0iIWS0cHuVA%2B16nL9mOKGVu9TAbvLPK2yF%2BAPsfZqklBOAhcpD2bphknjmgDYKDqrLebszfAdJqpVJfD8LL%2F2edOkiyGnFLZ8GdTxpzhASg29R08pH2aFS87lBYM2zKQTVQ%3D%3D","environmentVariables":{"FIREBASE_CONFIG":"{\"projectId\":\"personne-bygxs-portfolio\",\"storageBucket\":\"personne-bygxs-portfolio.firebasestorage.app\"}","GCLOUD_PROJECT":"personne-bygxs-portfolio","EVENTARC_CLOUD_EVENT_SOURCE":"projects/personne-bygxs-portfolio/locations/us-central1/functions/checkAuth"},"runtime":"nodejs18","buildEnvironmentVariables":{"GOOGLE_NODE_RUN_SCRIPTS":""},"dockerRegistry":"ARTIFACT_REGISTRY"},"versionId":"1","updateTime":"2025-03-03T20:09:23.244551889Z","buildId":"f219e40c-1da2-4ef4-97d0-5f8e3cd0812b","buildName":"projects/175190600277/locations/us-central1/builds/f219e40c-1da2-4ef4-97d0-5f8e3cd0812b"},"done":true,"error":{"code":13,"message":"Gen1 operation for function projects/personne-bygxs-portfolio/locations/us-central1/functions/checkAuth failed: Build failed: Build error details not available.Please check the logs at https://console.cloud.google.com/cloud-build/builds;region=us-central1/f219e40c-1da2-4ef4-97d0-5f8e3cd0812b?project=175190600277. Please visit https://cloud.google.com/functions/docs/troubleshooting#build for in-depth troubleshooting documentation for build related errors..","details":[{"@type":"type.googleapis.com/google.rpc.DebugInfo","stackEntries":["cloud/control2/shared/userfriendly/userfriendly.go:1165 +0x25 google3/cloud/control2/shared/userfriendly/userfriendly.DebugInfoWithMessage({0xc0193105a0, 0x1cb})","cloud/control2/frontend/storedata/public_operation.go:256 +0xc8 google3/cloud/control2/frontend/storedata/publicoperation.toOperationError({0x55f26ef24fe8, 0xc16a1a3560}, 0xc068ad62b8?, 0xd0?)","cloud/control2/frontend/storedata/public_operation.go:122 +0x3bf google3/cloud/control2/frontend/storedata/publicoperation.ToPublic({0x55f26ef24fe8, 0xc16a1a3560}, 0xc068ad62b8, 0xc07890ccd0, 0xc00aa0e990, 0xc006ba4200)","cloud/control2/frontend/converters/operation_converter.go:46 +0xa7 google3/cloud/control2/frontend/converters/operationconverter.(*OperationConverter).ConvertResource(0xc05309eaa0, {0x55f26ef24fe8, 0xc16a1a3560}, {0x55f26ef323b0, 0xc068ad62b8}, 0x1?, 0x1?)","cloud/control2/frontend/handler/readonly.go:372 +0x2198 google3/cloud/control2/frontend/handler/handler.Handler.handleGet({{{0x55f26ef2edb0, 0xc004d7e340}, {0x0, 0x0}}, {{0xc0094e0690, 0x1, 0x1}, 0xc00778e1e0, 0xc0094e0680, {0x55f26ef40e60, ...}, ...}, ...}, ...)","cloud/control2/frontend/handler/handler.go:395 +0xec6 google3/cloud/control2/frontend/handler/handler.Handler.start({{{0x55f26ef2edb0, 0xc004d7e340}, {0x0, 0x0}}, {{0xc0094e0690, 0x1, 0x1}, 0xc00778e1e0, 0xc0094e0680, {0x55f26ef40e60, ...}, ...}, ...}, ...)","cloud/control2/frontend/handler/handler.go:276 +0x66 google3/cloud/control2/frontend/handler/handler.init.func17({_, _}, {{{0x55f26ef2edb0, 0xc004d7e340}, {0x0, 0x0}}, {{0xc0094e0690, 0x1, 0x1}, 0xc00778e1e0, ...}, ...}, ...)","cloud/control2/frontend/handler/handler.go:271 +0x173 google3/cloud/control2/frontend/handler/handler.Handler.HandleRequest({{{0x55f26ef2edb0, 0xc004d7e340}, {0x0, 0x0}}, {{0xc0094e0690, 0x1, 0x1}, 0xc00778e1e0, 0xc0094e0680, {0x55f26ef40e60, ...}, ...}, ...}, ...)","cloud/control2/frontend/server/request_handler.go:111 +0x55c google3/cloud/control2/frontend/server/requesthandler.(*Handler).handleRequestWithFullMethodName(0xc00b586900, {0x55f26ef24fe8, 0xc12b6c5200}, 0xc096294f40, 0xc1067f3020, 0xc1067f3440, {0x0?, 0x3fc464eaa100?})","cloud/control2/frontend/server/request_handler.go:84 +0x536 google3/cloud/control2/frontend/server/requesthandler.(*Handler).handleRequest(0xc00b586900, {0x55f26ef24fe8, 0xc12b6c5200}, 0xc1067f3020, 0xc1067f3440)","cloud/control2/frontend/server/request_handler.go:53 +0x25 google3/cloud/control2/frontend/server/requesthandler.(*Handler).handle(0xc0196acfc0?, {0x55f26ef24fe8, 0xc12b6c5200}, 0x55f26cbf7c00?, 0xc0162d1a01?)","cloud/control2/shared/genericrpc/service.go:172 +0x3e8 google3/cloud/control2/shared/genericrpc/genericrpc.(*Dispatcher).DefaultMethodHandler(0xc00b5ec7e0, {0x55f26ef24fe8, 0xc12b6c5200}, 0xc1067f3020)","net/rpc/go/stream.go:1167 +0x43 google3/net/rpc/go/rpc.runStreamHandler({0x55f26ef24fe8?, 0xc12b6c5200?}, 0xc1067f3020?, {0x0?, 0x0?}, {0x55f26ef39e80, 0xc01c9a6d20})","net/goa/rpc/rpchandler.go:100 +0x4d7 google3/net/goa/rpc/rpchandler.ExecHandlerSubset({0x55f26ef24fe8?, 0xc02cf25dd0?}, 0xc010615588)","net/goa/rpc/rpchandler.go:327 +0x9f5 google3/net/goa/rpc/rpchandler.(*closedRegistry).hook(0xc00e7c5020, {0x55f26ef25258, 0xc0064b17a0}, 0xc01d20d680)","production/fireaxe/go/filters/rpcserverinterceptor.go:62 +0x2f0 google3/production/fireaxe/go/filters/rpcserverinterceptor.(*Interceptor).MakeHook-fm.(*Interceptor).MakeHook.func2({0x55f26ef25258, 0xc0064b17a0}, 0xc01d20d680)"],"detail":"Gen1 operation for function projects/personne-bygxs-portfolio/locations/us-central1/functions/checkAuth failed: Build failed: Build error details not available.Please check the logs at https://console.cloud.google.com/cloud-build/builds;region=us-central1/f219e40c-1da2-4ef4-97d0-5f8e3cd0812b?project=175190600277. Please visit https://cloud.google.com/functions/docs/troubleshooting#build for in-depth troubleshooting documentation for build related errors.."}]}}
[debug] [2025-03-03T20:09:31.416Z] Got source token undefined for region us-central1
[error] Gen1 operation for function projects/personne-bygxs-portfolio/locations/us-central1/functions/checkAuth failed: Build failed: Build error details not available.Please check the logs at https://console.cloud.google.com/cloud-build/builds;region=us-central1/f219e40c-1da2-4ef4-97d0-5f8e3cd0812b?project=175190600277. Please visit https://cloud.google.com/functions/docs/troubleshooting#build for in-depth troubleshooting documentation for build related errors..
[debug] [2025-03-03T20:09:31.425Z] Total Function Deployment time: 42003
[debug] [2025-03-03T20:09:31.425Z] 1 Functions Deployed
[debug] [2025-03-03T20:09:31.425Z] 1 Functions Errored
[debug] [2025-03-03T20:09:31.425Z] 0 Function Deployments Aborted
[debug] [2025-03-03T20:09:31.425Z] Average Function Deployment time: 42002
[info] 
[info] Functions deploy had errors with the following functions:
	checkAuth(us-central1)
[debug] [2025-03-03T20:09:31.658Z] Not printing URL for HTTPS function. Typically this means it didn't match a filter or we failed deployment
[info] i  functions: cleaning up build files... 
[debug] [2025-03-03T20:09:31.659Z] Checked if tokens are valid: true, expires at: 1741035043444
[debug] [2025-03-03T20:09:31.659Z] Checked if tokens are valid: true, expires at: 1741035043444
[debug] [2025-03-03T20:09:31.660Z] Checked if tokens are valid: true, expires at: 1741035043444
[debug] [2025-03-03T20:09:31.660Z] Checked if tokens are valid: true, expires at: 1741035043444
[debug] [2025-03-03T20:09:31.660Z] >>> [apiv2][query] DELETE https://artifactregistry.googleapis.com/v1beta2/projects/personne-bygxs-portfolio/locations/us-central1/repositories/gcf-artifacts/packages/check_auth [none]
[debug] [2025-03-03T20:09:31.662Z] >>> [apiv2][query] GET https://us.gcr.io/v2/personne-bygxs-portfolio/gcf/us-central1/tags/list [none]
[debug] [2025-03-03T20:09:32.473Z] <<< [apiv2][status] GET https://us.gcr.io/v2/personne-bygxs-portfolio/gcf/us-central1/tags/list 404
[debug] [2025-03-03T20:09:32.473Z] <<< [apiv2][body] GET https://us.gcr.io/v2/personne-bygxs-portfolio/gcf/us-central1/tags/list {"errors":[{"code":"NAME_UNKNOWN","message":"Repository \"us.gcr.io\" not found"}]}
[debug] [2025-03-03T20:09:32.474Z] Failed docker command with error  Request to https://us.gcr.io/v2/personne-bygxs-portfolio/gcf/us-central1/tags/list had HTTP Error: 404, Not Found {"name":"FirebaseError","children":[],"context":{"body":{"errors":[{"code":"NAME_UNKNOWN","message":"Repository \"us.gcr.io\" not found"}],"error":{"message":"Not Found"}},"response":{"statusCode":404}},"exit":1,"message":"Request to https://us.gcr.io/v2/personne-bygxs-portfolio/gcf/us-central1/tags/list had HTTP Error: 404, Not Found","status":404}
[debug] [2025-03-03T20:09:32.474Z] Checked if tokens are valid: true, expires at: 1741035043444
[debug] [2025-03-03T20:09:32.474Z] Checked if tokens are valid: true, expires at: 1741035043444
[debug] [2025-03-03T20:09:32.474Z] >>> [apiv2][query] GET https://us.gcr.io/v2/personne-bygxs-portfolio/gcf/us-central1/tags/list [none]
[debug] [2025-03-03T20:09:32.654Z] <<< [apiv2][status] DELETE https://artifactregistry.googleapis.com/v1beta2/projects/personne-bygxs-portfolio/locations/us-central1/repositories/gcf-artifacts/packages/check_auth 404
[debug] [2025-03-03T20:09:32.654Z] <<< [apiv2][body] DELETE https://artifactregistry.googleapis.com/v1beta2/projects/personne-bygxs-portfolio/locations/us-central1/repositories/gcf-artifacts/packages/check_auth {"error":{"code":404,"message":"Package \"projects/personne-bygxs-portfolio/locations/us-central1/repositories/gcf-artifacts/packages/check_auth\" was not found.","status":"NOT_FOUND"}}
[debug] [2025-03-03T20:09:32.802Z] <<< [apiv2][status] GET https://us.gcr.io/v2/personne-bygxs-portfolio/gcf/us-central1/tags/list 404
[debug] [2025-03-03T20:09:32.803Z] <<< [apiv2][body] GET https://us.gcr.io/v2/personne-bygxs-portfolio/gcf/us-central1/tags/list {"errors":[{"code":"NAME_UNKNOWN","message":"Repository \"us.gcr.io\" not found"}]}
[debug] [2025-03-03T20:09:32.803Z] Failed docker command with error  Request to https://us.gcr.io/v2/personne-bygxs-portfolio/gcf/us-central1/tags/list had HTTP Error: 404, Not Found {"name":"FirebaseError","children":[],"context":{"body":{"errors":[{"code":"NAME_UNKNOWN","message":"Repository \"us.gcr.io\" not found"}],"error":{"message":"Not Found"}},"response":{"statusCode":404}},"exit":1,"message":"Request to https://us.gcr.io/v2/personne-bygxs-portfolio/gcf/us-central1/tags/list had HTTP Error: 404, Not Found","status":404}
[debug] [2025-03-03T20:09:32.905Z] Checked if tokens are valid: true, expires at: 1741035043444
[debug] [2025-03-03T20:09:32.906Z] Checked if tokens are valid: true, expires at: 1741035043444
[debug] [2025-03-03T20:09:32.906Z] >>> [apiv2][query] GET https://us.gcr.io/v2/personne-bygxs-portfolio/gcf/us-central1/tags/list [none]
[debug] [2025-03-03T20:09:33.464Z] <<< [apiv2][status] GET https://us.gcr.io/v2/personne-bygxs-portfolio/gcf/us-central1/tags/list 404
[debug] [2025-03-03T20:09:33.464Z] <<< [apiv2][body] GET https://us.gcr.io/v2/personne-bygxs-portfolio/gcf/us-central1/tags/list {"errors":[{"code":"NAME_UNKNOWN","message":"Repository \"us.gcr.io\" not found"}]}
[debug] [2025-03-03T20:09:33.465Z] Failed docker command with error  Request to https://us.gcr.io/v2/personne-bygxs-portfolio/gcf/us-central1/tags/list had HTTP Error: 404, Not Found {"name":"FirebaseError","children":[],"context":{"body":{"errors":[{"code":"NAME_UNKNOWN","message":"Repository \"us.gcr.io\" not found"}],"error":{"message":"Not Found"}},"response":{"statusCode":404}},"exit":1,"message":"Request to https://us.gcr.io/v2/personne-bygxs-portfolio/gcf/us-central1/tags/list had HTTP Error: 404, Not Found","status":404}
[warn] ⚠  functions: Unhandled error cleaning up build images. This could result in a small monthly bill if not corrected. You can attempt to delete these images by redeploying or you can delete them manually at https://console.cloud.google.com/gcr/images/personne-bygxs-portfolio/us/gcf 
[debug] [2025-03-03T20:09:33.466Z] Functions deploy failed.
[debug] [2025-03-03T20:09:33.466Z] {
  "endpoint": {
    "id": "checkAuth",
    "project": "personne-bygxs-portfolio",
    "region": "us-central1",
    "entryPoint": "checkAuth",
    "platform": "gcfv1",
    "runtime": "nodejs18",
    "httpsTrigger": {},
    "ingressSettings": null,
    "availableMemoryMb": null,
    "serviceAccount": null,
    "timeoutSeconds": null,
    "maxInstances": null,
    "minInstances": null,
    "vpc": null,
    "environmentVariables": {
      "FIREBASE_CONFIG": "{\"projectId\":\"personne-bygxs-portfolio\",\"storageBucket\":\"personne-bygxs-portfolio.firebasestorage.app\"}",
      "GCLOUD_PROJECT": "personne-bygxs-portfolio",
      "EVENTARC_CLOUD_EVENT_SOURCE": "projects/personne-bygxs-portfolio/locations/us-central1/functions/checkAuth"
    },
    "codebase": "default",
    "targetedByOnly": false,
    "hash": "6cb0ff4c311afd24447f585ecd7f00dbfb14f369",
    "labels": {
      "deployment-tool": "cli-firebase"
    }
  },
  "op": "create",
  "original": {
    "name": "FirebaseError",
    "children": [],
    "exit": 1,
    "message": "Gen1 operation for function projects/personne-bygxs-portfolio/locations/us-central1/functions/checkAuth failed: Build failed: Build error details not available.Please check the logs at https://console.cloud.google.com/cloud-build/builds;region=us-central1/f219e40c-1da2-4ef4-97d0-5f8e3cd0812b?project=175190600277. Please visit https://cloud.google.com/functions/docs/troubleshooting#build for in-depth troubleshooting documentation for build related errors..",
    "original": {
      "code": 13,
      "message": "Gen1 operation for function projects/personne-bygxs-portfolio/locations/us-central1/functions/checkAuth failed: Build failed: Build error details not available.Please check the logs at https://console.cloud.google.com/cloud-build/builds;region=us-central1/f219e40c-1da2-4ef4-97d0-5f8e3cd0812b?project=175190600277. Please visit https://cloud.google.com/functions/docs/troubleshooting#build for in-depth troubleshooting documentation for build related errors..",
      "details": [
        {
          "@type": "type.googleapis.com/google.rpc.DebugInfo",
          "stackEntries": [
            "cloud/control2/shared/userfriendly/userfriendly.go:1165 +0x25 google3/cloud/control2/shared/userfriendly/userfriendly.DebugInfoWithMessage({0xc0193105a0, 0x1cb})",
            "cloud/control2/frontend/storedata/public_operation.go:256 +0xc8 google3/cloud/control2/frontend/storedata/publicoperation.toOperationError({0x55f26ef24fe8, 0xc16a1a3560}, 0xc068ad62b8?, 0xd0?)",
            "cloud/control2/frontend/storedata/public_operation.go:122 +0x3bf google3/cloud/control2/frontend/storedata/publicoperation.ToPublic({0x55f26ef24fe8, 0xc16a1a3560}, 0xc068ad62b8, 0xc07890ccd0, 0xc00aa0e990, 0xc006ba4200)",
            "cloud/control2/frontend/converters/operation_converter.go:46 +0xa7 google3/cloud/control2/frontend/converters/operationconverter.(*OperationConverter).ConvertResource(0xc05309eaa0, {0x55f26ef24fe8, 0xc16a1a3560}, {0x55f26ef323b0, 0xc068ad62b8}, 0x1?, 0x1?)",
            "cloud/control2/frontend/handler/readonly.go:372 +0x2198 google3/cloud/control2/frontend/handler/handler.Handler.handleGet({{{0x55f26ef2edb0, 0xc004d7e340}, {0x0, 0x0}}, {{0xc0094e0690, 0x1, 0x1}, 0xc00778e1e0, 0xc0094e0680, {0x55f26ef40e60, ...}, ...}, ...}, ...)",
            "cloud/control2/frontend/handler/handler.go:395 +0xec6 google3/cloud/control2/frontend/handler/handler.Handler.start({{{0x55f26ef2edb0, 0xc004d7e340}, {0x0, 0x0}}, {{0xc0094e0690, 0x1, 0x1}, 0xc00778e1e0, 0xc0094e0680, {0x55f26ef40e60, ...}, ...}, ...}, ...)",
            "cloud/control2/frontend/handler/handler.go:276 +0x66 google3/cloud/control2/frontend/handler/handler.init.func17({_, _}, {{{0x55f26ef2edb0, 0xc004d7e340}, {0x0, 0x0}}, {{0xc0094e0690, 0x1, 0x1}, 0xc00778e1e0, ...}, ...}, ...)",
            "cloud/control2/frontend/handler/handler.go:271 +0x173 google3/cloud/control2/frontend/handler/handler.Handler.HandleRequest({{{0x55f26ef2edb0, 0xc004d7e340}, {0x0, 0x0}}, {{0xc0094e0690, 0x1, 0x1}, 0xc00778e1e0, 0xc0094e0680, {0x55f26ef40e60, ...}, ...}, ...}, ...)",
            "cloud/control2/frontend/server/request_handler.go:111 +0x55c google3/cloud/control2/frontend/server/requesthandler.(*Handler).handleRequestWithFullMethodName(0xc00b586900, {0x55f26ef24fe8, 0xc12b6c5200}, 0xc096294f40, 0xc1067f3020, 0xc1067f3440, {0x0?, 0x3fc464eaa100?})",
            "cloud/control2/frontend/server/request_handler.go:84 +0x536 google3/cloud/control2/frontend/server/requesthandler.(*Handler).handleRequest(0xc00b586900, {0x55f26ef24fe8, 0xc12b6c5200}, 0xc1067f3020, 0xc1067f3440)",
            "cloud/control2/frontend/server/request_handler.go:53 +0x25 google3/cloud/control2/frontend/server/requesthandler.(*Handler).handle(0xc0196acfc0?, {0x55f26ef24fe8, 0xc12b6c5200}, 0x55f26cbf7c00?, 0xc0162d1a01?)",
            "cloud/control2/shared/genericrpc/service.go:172 +0x3e8 google3/cloud/control2/shared/genericrpc/genericrpc.(*Dispatcher).DefaultMethodHandler(0xc00b5ec7e0, {0x55f26ef24fe8, 0xc12b6c5200}, 0xc1067f3020)",
            "net/rpc/go/stream.go:1167 +0x43 google3/net/rpc/go/rpc.runStreamHandler({0x55f26ef24fe8?, 0xc12b6c5200?}, 0xc1067f3020?, {0x0?, 0x0?}, {0x55f26ef39e80, 0xc01c9a6d20})",
            "net/goa/rpc/rpchandler.go:100 +0x4d7 google3/net/goa/rpc/rpchandler.ExecHandlerSubset({0x55f26ef24fe8?, 0xc02cf25dd0?}, 0xc010615588)",
            "net/goa/rpc/rpchandler.go:327 +0x9f5 google3/net/goa/rpc/rpchandler.(*closedRegistry).hook(0xc00e7c5020, {0x55f26ef25258, 0xc0064b17a0}, 0xc01d20d680)",
            "production/fireaxe/go/filters/rpcserverinterceptor.go:62 +0x2f0 google3/production/fireaxe/go/filters/rpcserverinterceptor.(*Interceptor).MakeHook-fm.(*Interceptor).MakeHook.func2({0x55f26ef25258, 0xc0064b17a0}, 0xc01d20d680)"
          ],
          "detail": "Gen1 operation for function projects/personne-bygxs-portfolio/locations/us-central1/functions/checkAuth failed: Build failed: Build error details not available.Please check the logs at https://console.cloud.google.com/cloud-build/builds;region=us-central1/f219e40c-1da2-4ef4-97d0-5f8e3cd0812b?project=175190600277. Please visit https://cloud.google.com/functions/docs/troubleshooting#build for in-depth troubleshooting documentation for build related errors.."
        }
      ]
    },
    "status": 13,
    "code": 13
  }
}
[debug] [2025-03-03T20:09:33.534Z] Error: Failed to create function checkAuth in region us-central1
    at /Users/biniyamgebre-egziabhersjomar/.volta/tools/image/packages/firebase-tools/lib/node_modules/firebase-tools/lib/deploy/functions/release/fabricator.js:52:11
    at process.processTicksAndRejections (node:internal/process/task_queues:105:5)
    at async Fabricator.createV1Function (/Users/biniyamgebre-egziabhersjomar/.volta/tools/image/packages/firebase-tools/lib/node_modules/firebase-tools/lib/deploy/functions/release/fabricator.js:182:32)
    at async Fabricator.createEndpoint (/Users/biniyamgebre-egziabhersjomar/.volta/tools/image/packages/firebase-tools/lib/node_modules/firebase-tools/lib/deploy/functions/release/fabricator.js:134:13)
    at async handle (/Users/biniyamgebre-egziabhersjomar/.volta/tools/image/packages/firebase-tools/lib/node_modules/firebase-tools/lib/deploy/functions/release/fabricator.js:89:17)
[error] 
[error] Error: There was an error deploying functions
